<?xml version="1.0" encoding="UTF-8"?>
<dataset>
    <abbonamento codice='asd34gf56d1' prodotto='5' durata_abbonamento='2'/>
    <abbonamento codice='qwerty65jl1' prodotto='7' durata_abbonamento='6'/>
    <abbonamento codice='abcdef122f5' prodotto='8' durata_abbonamento='9'/>
</dataset>