<?xml version="1.0" encoding="UTF-8"?>
<dataset>
<cartafedelta codice='1234567899' punti='15'></cartafedelta>
<cartafedelta codice='1234567898' punti='20'></cartafedelta>
<cartafedelta codice='1234567895' punti='26'></cartafedelta>
</dataset>