<?xml version="1.0" encoding="UTF-8"?>
<dataset>
	<videogioco prodotto='2' dimensione='50.5' pegi='18' edizione_limitata='false' ncd='0' vkey='avchdcjjdeerju' software_house='Activision'/>
    <videogioco prodotto='1' dimensione='50.5' pegi='18' edizione_limitata='true' ncd='1' software_house='Naughty Dog'/>   
    <videogioco prodotto='3' dimensione='40' pegi='18' edizione_limitata='true' ncd='2' software_house='Epic Games'/>
    <videogioco prodotto='4' dimensione='50' pegi='12' edizione_limitata='false' ncd='0' vkey='cxwdfc64fdbewa' software_house='Ubisoft'/>
    <videogioco prodotto='5' dimensione='30.5' pegi='8' edizione_limitata='true' ncd='3'  software_house='Epic Games'/>
</dataset>